// Jest Snapshot v1, https://goo.gl/fbAQLP

exports[`<bolt-action-blocks> Component Basic usage 1`] = `

<bolt-action-blocks bolt-component>
  <ul class="c-bolt-action-blocks c-bolt-action-blocks--item-max-6 c-bolt-action-blocks--vertical-align-start c-bolt-action-blocks--bordered">
    <li class="c-bolt-action-blocks__item">
      <bolt-action-block bolt-component>
        <a href="#!"
           class="c-bolt-action-block"
        >
          <div class="c-bolt-action-block__item c-bolt-action-block__icon">
            <bolt-icon name="download"
                       size="large"
            >
            </bolt-icon>
          </div>
          <div class="c-bolt-action-block__item c-bolt-action-block__text">
            Item 1
          </div>
        </a>
      </bolt-action-block>
    </li>
    <li class="c-bolt-action-blocks__item">
      <bolt-action-block bolt-component>
        <a href="#!"
           class="c-bolt-action-block"
        >
          <div class="c-bolt-action-block__item c-bolt-action-block__icon">
            <bolt-icon name="copy-to-clipboard"
                       size="large"
            >
            </bolt-icon>
          </div>
          <div class="c-bolt-action-block__item c-bolt-action-block__text">
            Item 2
          </div>
        </a>
      </bolt-action-block>
    </li>
    <li class="c-bolt-action-blocks__item">
      <bolt-action-block bolt-component>
        <a href="#!"
           class="c-bolt-action-block"
        >
          <div class="c-bolt-action-block__item c-bolt-action-block__icon">
            <bolt-icon name="calendar"
                       size="large"
            >
            </bolt-icon>
          </div>
          <div class="c-bolt-action-block__item c-bolt-action-block__text">
            Item 3
          </div>
        </a>
      </bolt-action-block>
    </li>
  </ul>
</bolt-action-blocks>

`;

exports[`<bolt-action-blocks> Component Border in between each block: false 1`] = `

<bolt-action-blocks bolt-component>
  <ul class="c-bolt-action-blocks c-bolt-action-blocks--item-max-6 c-bolt-action-blocks--vertical-align-start c-bolt-action-blocks--borderless">
    <li class="c-bolt-action-blocks__item">
      <bolt-action-block bolt-component>
        <a href="#!"
           class="c-bolt-action-block"
        >
          <div class="c-bolt-action-block__item c-bolt-action-block__icon">
            <bolt-icon name="download"
                       size="large"
            >
            </bolt-icon>
          </div>
          <div class="c-bolt-action-block__item c-bolt-action-block__text">
            Item 1
          </div>
        </a>
      </bolt-action-block>
    </li>
    <li class="c-bolt-action-blocks__item">
      <bolt-action-block bolt-component>
        <a href="#!"
           class="c-bolt-action-block"
        >
          <div class="c-bolt-action-block__item c-bolt-action-block__icon">
            <bolt-icon name="copy-to-clipboard"
                       size="large"
            >
            </bolt-icon>
          </div>
          <div class="c-bolt-action-block__item c-bolt-action-block__text">
            Item 2
          </div>
        </a>
      </bolt-action-block>
    </li>
    <li class="c-bolt-action-blocks__item">
      <bolt-action-block bolt-component>
        <a href="#!"
           class="c-bolt-action-block"
        >
          <div class="c-bolt-action-block__item c-bolt-action-block__icon">
            <bolt-icon name="calendar"
                       size="large"
            >
            </bolt-icon>
          </div>
          <div class="c-bolt-action-block__item c-bolt-action-block__text">
            Item 3
          </div>
        </a>
      </bolt-action-block>
    </li>
  </ul>
</bolt-action-blocks>

`;

exports[`<bolt-action-blocks> Component Border in between each block: true 1`] = `

<bolt-action-blocks bolt-component>
  <ul class="c-bolt-action-blocks c-bolt-action-blocks--item-max-6 c-bolt-action-blocks--vertical-align-start c-bolt-action-blocks--bordered">
    <li class="c-bolt-action-blocks__item">
      <bolt-action-block bolt-component>
        <a href="#!"
           class="c-bolt-action-block"
        >
          <div class="c-bolt-action-block__item c-bolt-action-block__icon">
            <bolt-icon name="download"
                       size="large"
            >
            </bolt-icon>
          </div>
          <div class="c-bolt-action-block__item c-bolt-action-block__text">
            Item 1
          </div>
        </a>
      </bolt-action-block>
    </li>
    <li class="c-bolt-action-blocks__item">
      <bolt-action-block bolt-component>
        <a href="#!"
           class="c-bolt-action-block"
        >
          <div class="c-bolt-action-block__item c-bolt-action-block__icon">
            <bolt-icon name="copy-to-clipboard"
                       size="large"
            >
            </bolt-icon>
          </div>
          <div class="c-bolt-action-block__item c-bolt-action-block__text">
            Item 2
          </div>
        </a>
      </bolt-action-block>
    </li>
    <li class="c-bolt-action-blocks__item">
      <bolt-action-block bolt-component>
        <a href="#!"
           class="c-bolt-action-block"
        >
          <div class="c-bolt-action-block__item c-bolt-action-block__icon">
            <bolt-icon name="calendar"
                       size="large"
            >
            </bolt-icon>
          </div>
          <div class="c-bolt-action-block__item c-bolt-action-block__text">
            Item 3
          </div>
        </a>
      </bolt-action-block>
    </li>
  </ul>
</bolt-action-blocks>

`;

exports[`<bolt-action-blocks> Component Vertical alignment of each block's content: bottom 1`] = `

<bolt-action-blocks bolt-component>
  <ul class="c-bolt-action-blocks c-bolt-action-blocks--item-max-6 c-bolt-action-blocks--vertical-align-end c-bolt-action-blocks--bordered">
    <li class="c-bolt-action-blocks__item">
      <bolt-action-block bolt-component>
        <a href="#!"
           class="c-bolt-action-block"
        >
          <div class="c-bolt-action-block__item c-bolt-action-block__icon">
            <bolt-icon name="download"
                       size="large"
            >
            </bolt-icon>
          </div>
          <div class="c-bolt-action-block__item c-bolt-action-block__text">
            Item 1
          </div>
        </a>
      </bolt-action-block>
    </li>
    <li class="c-bolt-action-blocks__item">
      <bolt-action-block bolt-component>
        <a href="#!"
           class="c-bolt-action-block"
        >
          <div class="c-bolt-action-block__item c-bolt-action-block__icon">
            <bolt-icon name="copy-to-clipboard"
                       size="large"
            >
            </bolt-icon>
          </div>
          <div class="c-bolt-action-block__item c-bolt-action-block__text">
            Item 2: this item has more text, so it can demonstrate the vertical alignment
          </div>
        </a>
      </bolt-action-block>
    </li>
    <li class="c-bolt-action-blocks__item">
      <bolt-action-block bolt-component>
        <a href="#!"
           class="c-bolt-action-block"
        >
          <div class="c-bolt-action-block__item c-bolt-action-block__icon">
            <bolt-icon name="calendar"
                       size="large"
            >
            </bolt-icon>
          </div>
          <div class="c-bolt-action-block__item c-bolt-action-block__text">
            Item 3
          </div>
        </a>
      </bolt-action-block>
    </li>
  </ul>
</bolt-action-blocks>

`;

exports[`<bolt-action-blocks> Component Vertical alignment of each block's content: center 1`] = `

<bolt-action-blocks bolt-component>
  <ul class="c-bolt-action-blocks c-bolt-action-blocks--item-max-6 c-bolt-action-blocks--vertical-align-center c-bolt-action-blocks--bordered">
    <li class="c-bolt-action-blocks__item">
      <bolt-action-block bolt-component>
        <a href="#!"
           class="c-bolt-action-block"
        >
          <div class="c-bolt-action-block__item c-bolt-action-block__icon">
            <bolt-icon name="download"
                       size="large"
            >
            </bolt-icon>
          </div>
          <div class="c-bolt-action-block__item c-bolt-action-block__text">
            Item 1
          </div>
        </a>
      </bolt-action-block>
    </li>
    <li class="c-bolt-action-blocks__item">
      <bolt-action-block bolt-component>
        <a href="#!"
           class="c-bolt-action-block"
        >
          <div class="c-bolt-action-block__item c-bolt-action-block__icon">
            <bolt-icon name="copy-to-clipboard"
                       size="large"
            >
            </bolt-icon>
          </div>
          <div class="c-bolt-action-block__item c-bolt-action-block__text">
            Item 2: this item has more text, so it can demonstrate the vertical alignment
          </div>
        </a>
      </bolt-action-block>
    </li>
    <li class="c-bolt-action-blocks__item">
      <bolt-action-block bolt-component>
        <a href="#!"
           class="c-bolt-action-block"
        >
          <div class="c-bolt-action-block__item c-bolt-action-block__icon">
            <bolt-icon name="calendar"
                       size="large"
            >
            </bolt-icon>
          </div>
          <div class="c-bolt-action-block__item c-bolt-action-block__text">
            Item 3
          </div>
        </a>
      </bolt-action-block>
    </li>
  </ul>
</bolt-action-blocks>

`;

exports[`<bolt-action-blocks> Component Vertical alignment of each block's content: top 1`] = `

<bolt-action-blocks bolt-component>
  <ul class="c-bolt-action-blocks c-bolt-action-blocks--item-max-6 c-bolt-action-blocks--vertical-align-start c-bolt-action-blocks--bordered">
    <li class="c-bolt-action-blocks__item">
      <bolt-action-block bolt-component>
        <a href="#!"
           class="c-bolt-action-block"
        >
          <div class="c-bolt-action-block__item c-bolt-action-block__icon">
            <bolt-icon name="download"
                       size="large"
            >
            </bolt-icon>
          </div>
          <div class="c-bolt-action-block__item c-bolt-action-block__text">
            Item 1
          </div>
        </a>
      </bolt-action-block>
    </li>
    <li class="c-bolt-action-blocks__item">
      <bolt-action-block bolt-component>
        <a href="#!"
           class="c-bolt-action-block"
        >
          <div class="c-bolt-action-block__item c-bolt-action-block__icon">
            <bolt-icon name="copy-to-clipboard"
                       size="large"
            >
            </bolt-icon>
          </div>
          <div class="c-bolt-action-block__item c-bolt-action-block__text">
            Item 2: this item has more text, so it can demonstrate the vertical alignment
          </div>
        </a>
      </bolt-action-block>
    </li>
    <li class="c-bolt-action-blocks__item">
      <bolt-action-block bolt-component>
        <a href="#!"
           class="c-bolt-action-block"
        >
          <div class="c-bolt-action-block__item c-bolt-action-block__icon">
            <bolt-icon name="calendar"
                       size="large"
            >
            </bolt-icon>
          </div>
          <div class="c-bolt-action-block__item c-bolt-action-block__text">
            Item 3
          </div>
        </a>
      </bolt-action-block>
    </li>
  </ul>
</bolt-action-blocks>

`;
