// Jest Snapshot v1, https://goo.gl/fbAQLP

exports[`<bolt-form> Component input element usage 1`] = `
<form>
</form>
`;
