// Jest Snapshot v1, https://goo.gl/fbAQLP

exports[`<bolt-image> <bolt-card> 1`] = `

<bolt-ul>
  <replace-with-grandchildren>
    <ul class="some-class another-class c-bolt-ul"
        onclick="location.href=&#039;https://pega.com&#039;"
    >
      <bolt-li>
        <replace-with-grandchildren>
          <li class="c-bolt-li c-bolt-li--ul-item ">
            Do not include any data or information in your posts that are confidential!
          </li>
        </replace-with-grandchildren>
      </bolt-li>
      <bolt-li>
        <replace-with-grandchildren>
          <li class="c-bolt-li c-bolt-li--ul-item ">
            Apply basic practices for collaborative work.
          </li>
        </replace-with-grandchildren>
      </bolt-li>
      <bolt-li>
        <replace-with-grandchildren>
          <li class="c-bolt-li c-bolt-li--ul-item ">
            Be honest, respectful, trustworthy and helpful.
          </li>
        </replace-with-grandchildren>
      </bolt-li>
      <bolt-li>
        <replace-with-grandchildren>
          <li class="c-bolt-li c-bolt-li--ul-item c-bolt-li--last-item">
            Answer questions authoritatively and concisely. Avoid cluttering discussions with noise.
          </li>
        </replace-with-grandchildren>
      </bolt-li>
    </ul>
  </replace-with-grandchildren>
</bolt-ul>

`;
