// Jest Snapshot v1, https://goo.gl/fbAQLP

exports[`interactive step Default <bolt-interactive-step> w/o Shadow DOM renders 2`] = `
<bolt-interactive-step
  style=""
>
  <!---->
  
      
      
  <li
    class="c-bolt-interactive-step"
    data-step="1"
    is="shadow-root"
    style=""
  >
    
        
    <div
      class="c-bolt-interactive-step__nav-item-wrapper"
      style=""
    >
      
          
      <span
        class="c-bolt-interactive-step__dot"
        style=""
      >
        ‚óè
      </span>
      
          
      <span
        class="c-bolt-interactive-step__title"
        style=""
      >
        <!---->
        <!---->
        <!---->
        <!---->
      </span>
      
        
    </div>
    
        
    <div
      class="c-bolt-interactive-step__body"
      data-active="false"
      style=""
    >
      
          
      <div
        class="c-bolt-interactive-step__dialogue c-bolt-interactive-step__dialogue--left"
        style=""
      />
      
          
      <div
        class="c-bolt-interactive-step__interaction-images"
        style=""
      >
        
            
        <span
          class="c-bolt-interactive-step__interaction-band"
          style=""
        >
          <!---->
          <!---->
          <!---->
          <!---->
        </span>
        
            
        <img
          alt="Customer is happy"
          class="c-bolt-interactive-step__avatar"
          src="https://github.com/basaltinc/temp-pega-dummy-assets/raw/master/customer-happy.png"
          style=""
        >
          
            
        </img>
        <img
          alt="Your helpful Pega Rep"
          class="c-bolt-interactive-step__avatar c-bolt-interactive-step__avatar--right"
          src="https://github.com/basaltinc/temp-pega-dummy-assets/raw/master/pega-rep.png"
          style=""
        >
          
          
        </img>
      </div>
      
          
      <div
        class="c-bolt-interactive-step__step-body"
        style=""
      >
        
            
        <!---->
        <!---->
        
          
      </div>
      
        
    </div>
    
      
  </li>
  
    
  <!---->
</bolt-interactive-step>
`;

exports[`interactive step Default <bolt-interactive-step> with Shadow DOM renders 2`] = `
<style
  style=""
>
  
            bolt-interactive-step{display:block}bolt-interactive-step:not(:last-child){margin-bottom:1.65rem}.c-bolt-interactive-step{position:relative;padding-left:40px;text-align:left;cursor:pointer;font-weight:bolder;-webkit-transition:font-size .5s;transition:font-size .5s}@media (min-width:37.5em){.c-bolt-interactive-step{position:static}.c-bolt-interactive-step__body{position:absolute;top:0;right:0;width:calc(100% - 300px)}}.c-bolt-interactive-step__nav-item-wrapper{display:-webkit-box;display:flex;-webkit-box-align:center;align-items:center}.c-bolt-interactive-step__dot{display:inline-block;position:absolute;z-index:10;margin-left:-38px;color:#aab2f2;cursor:pointer;font-size:20px;-webkit-transition:color .5s,-webkit-transform .5s;transition:color .5s,-webkit-transform .5s;transition:color .5s,transform .5s;transition:color .5s,transform .5s,-webkit-transform .5s}.c-bolt-interactive-step__title{display:inline-block;cursor:pointer;-webkit-transition:color .5s,-webkit-transform .5s;transition:color .5s,-webkit-transform .5s;transition:color .5s,transform .5s;transition:color .5s,transform .5s,-webkit-transform .5s}.c-bolt-interactive-step__body{display:-webkit-box;display:flex;-webkit-box-orient:vertical;-webkit-box-direction:normal;flex-direction:column;-webkit-box-align:center;align-items:center;height:0;overflow:hidden;-webkit-transition:height 2s ease-in-out;transition:height 2s ease-in-out}.c-bolt-interactive-step__body[data-active=true]{height:auto}.c-bolt-interactive-step__interaction-images{display:-webkit-box;display:flex;-webkit-box-pack:center;justify-content:center;-webkit-box-align:center;align-items:center;position:relative;max-width:250px}.c-bolt-interactive-step__interaction-band{display:-webkit-box;display:flex;-webkit-box-pack:center;justify-content:center;-webkit-box-align:center;align-items:center;height:100px;padding:20px}.c-bolt-interactive-step__avatar{position:absolute;left:0;width:57px;height:57px}.c-bolt-interactive-step__avatar--right{right:0;left:unset}.c-bolt-interactive-step__dialogue{position:relative;width:100%;max-width:250px;height:50px}.c-bolt-interactive-step--active .c-bolt-interactive-step__dot{-webkit-transform:scale(1.5);transform:scale(1.5);color:orange}.c-bolt-interactive-step--active .c-bolt-interactive-step__title{-webkit-transform:scale(1.1) translateX(4px);transform:scale(1.1) translateX(4px);color:orange}
          
</style>
`;

exports[`interactive step Default <bolt-interactive-step> with Shadow DOM renders 3`] = `
<bolt-interactive-step
  style=""
>
  interactive-step Component Test -- Outer HTML
</bolt-interactive-step>
`;

exports[`interactive step basic interactive-step component renders 1`] = `
<bolt-interactive-step>
  <div class="c-bolt-interactive-step"
       is="shadow-root"
  >
  </div>
</bolt-interactive-step>
`;

exports[`interactive step basic interactive-step component with the global \`no-shadow\` prop added 1`] = `
<bolt-interactive-step no-shadow>
  <div class="c-bolt-interactive-step"
       is="shadow-root"
  >
  </div>
</bolt-interactive-step>
`;

exports[`interactive step interactive-step with outer CSS class via Drupal Attributes 1`] = `
<bolt-interactive-step class="u-bolt-margin-top-medium">
  <div class="c-bolt-interactive-step"
       is="shadow-root"
  >
  </div>
</bolt-interactive-step>
`;
