// Jest Snapshot v1, https://goo.gl/fbAQLP

exports[`interactive step Default <bolt-interactive-step> w/o Shadow DOM renders 2`] = `
<bolt-interactive-step
  style=""
>
  <!---->
  
      
      
  <li
    class="c-bolt-interactive-step"
    data-step="1"
    is="shadow-root"
    style=""
  >
    
        
    <div
      class="c-bolt-interactive-step__nav-item-wrapper"
      style=""
    >
      
          
      <span
        class="c-bolt-interactive-step__dot"
        style=""
      >
        ‚óè
      </span>
      
          
      <span
        class="c-bolt-interactive-step__title"
        style=""
      >
        <!---->
        <!---->
        <!---->
        <!---->
      </span>
      
        
    </div>
    
        
    <div
      class="c-bolt-interactive-step__body"
      data-active="false"
      style=""
    >
      
          
                
      <div
        class="c-bolt-interactive-step__dialogue"
        style=""
      >
        
                  
        <bolt-tooltip-content
          aria-hidden="false"
          class="c-bolt-interactive-step__speech c-bolt-interactive-step__speech--left"
          id="bolt-tooltip-id-11"
          role="tooltip"
          style=""
        >
          
                    
          <span
            class="c-bolt-interactive-step__speech-bubble"
            style=""
          >
            <!---->
            <!---->
            <!---->
            <!---->
          </span>
          
                  
        </bolt-tooltip-content>
        
                
      </div>
      
                
      <div
        class="c-bolt-interactive-step__interaction-images"
        style=""
      >
        
                  
        <span
          class="c-bolt-interactive-step__interaction-band"
          style=""
        >
          <!---->
          <!---->
          <!---->
          <!---->
        </span>
        
                  
        <img
          alt="Customer is happy"
          class="c-bolt-interactive-step__avatar"
          src="https://github.com/basaltinc/temp-pega-dummy-assets/raw/master/customer-happy.png"
          style=""
        >
          
                  
        </img>
        <img
          alt="Your helpful Pega Rep"
          class="c-bolt-interactive-step__avatar c-bolt-interactive-step__avatar--right"
          src="https://github.com/basaltinc/temp-pega-dummy-assets/raw/master/pega-rep.png"
          style=""
        >
          
                
        </img>
      </div>
      
              
          
      <div
        class="c-bolt-interactive-step__step-body"
        style=""
      >
        
            
        <!---->
        <!---->
        
          
      </div>
      
        
    </div>
    
      
  </li>
  
    
  <!---->
</bolt-interactive-step>
`;

exports[`interactive step Default <bolt-interactive-step> with Shadow DOM renders 2`] = `
<style
  style=""
>
  
            @-webkit-keyframes bolt-animation--spin{0%{-webkit-transform:rotate(0);transform:rotate(0)}100%{-webkit-transform:rotate(360deg);transform:rotate(360deg)}}@keyframes bolt-animation--spin{0%{-webkit-transform:rotate(0);transform:rotate(0)}100%{-webkit-transform:rotate(360deg);transform:rotate(360deg)}}@-webkit-keyframes bolt-animation--zoom-in{from{opacity:0;-webkit-transform:scale3d(.3,.3,.3);transform:scale3d(.3,.3,.3)}50%{opacity:1}}@keyframes bolt-animation--zoom-in{from{opacity:0;-webkit-transform:scale3d(.3,.3,.3);transform:scale3d(.3,.3,.3)}50%{opacity:1}}@-webkit-keyframes bolt-animation--zoom-in-down{from{opacity:0;-webkit-transform:scale3d(.1,.1,.1) translate3d(0,-1000px,0);transform:scale3d(.1,.1,.1) translate3d(0,-1000px,0);-webkit-animation-timing-function:cubic-bezier(.55,.055,.675,.19);animation-timing-function:cubic-bezier(.55,.055,.675,.19)}60%{opacity:1;-webkit-transform:scale3d(.475,.475,.475) translate3d(0,60px,0);transform:scale3d(.475,.475,.475) translate3d(0,60px,0);-webkit-animation-timing-function:cubic-bezier(.175,.885,.32,1);animation-timing-function:cubic-bezier(.175,.885,.32,1)}}@keyframes bolt-animation--zoom-in-down{from{opacity:0;-webkit-transform:scale3d(.1,.1,.1) translate3d(0,-1000px,0);transform:scale3d(.1,.1,.1) translate3d(0,-1000px,0);-webkit-animation-timing-function:cubic-bezier(.55,.055,.675,.19);animation-timing-function:cubic-bezier(.55,.055,.675,.19)}60%{opacity:1;-webkit-transform:scale3d(.475,.475,.475) translate3d(0,60px,0);transform:scale3d(.475,.475,.475) translate3d(0,60px,0);-webkit-animation-timing-function:cubic-bezier(.175,.885,.32,1);animation-timing-function:cubic-bezier(.175,.885,.32,1)}}@-webkit-keyframes bolt-animation--zoom-in-left{from{opacity:0;-webkit-transform:scale3d(.1,.1,.1) translate3d(-1000px,0,0);transform:scale3d(.1,.1,.1) translate3d(-1000px,0,0);-webkit-animation-timing-function:cubic-bezier(.55,.055,.675,.19);animation-timing-function:cubic-bezier(.55,.055,.675,.19)}60%{opacity:1;-webkit-transform:scale3d(.475,.475,.475) translate3d(10px,0,0);transform:scale3d(.475,.475,.475) translate3d(10px,0,0);-webkit-animation-timing-function:cubic-bezier(.175,.885,.32,1);animation-timing-function:cubic-bezier(.175,.885,.32,1)}}@keyframes bolt-animation--zoom-in-left{from{opacity:0;-webkit-transform:scale3d(.1,.1,.1) translate3d(-1000px,0,0);transform:scale3d(.1,.1,.1) translate3d(-1000px,0,0);-webkit-animation-timing-function:cubic-bezier(.55,.055,.675,.19);animation-timing-function:cubic-bezier(.55,.055,.675,.19)}60%{opacity:1;-webkit-transform:scale3d(.475,.475,.475) translate3d(10px,0,0);transform:scale3d(.475,.475,.475) translate3d(10px,0,0);-webkit-animation-timing-function:cubic-bezier(.175,.885,.32,1);animation-timing-function:cubic-bezier(.175,.885,.32,1)}}@-webkit-keyframes bolt-animation--heart-beat{0%,28%,70%{-webkit-transform:scale(1);transform:scale(1)}14%{-webkit-transform:scale(1.4);transform:scale(1.4)}42%{-webkit-transform:scale(1.2);transform:scale(1.2)}}@keyframes bolt-animation--heart-beat{0%,28%,70%{-webkit-transform:scale(1);transform:scale(1)}14%{-webkit-transform:scale(1.4);transform:scale(1.4)}42%{-webkit-transform:scale(1.2);transform:scale(1.2)}}.u-bolt-transition-fade-in-slide-up{opacity:0;-webkit-transform:translateY(20px) translateZ(0);transform:translateY(20px) translateZ(0);will-change:opacity;-webkit-transition:opacity 1s cubic-bezier(.5,0,.5,1) 50ms,-webkit-transform 1s cubic-bezier(.5,0,.5,1) 50ms;transition:opacity 1s cubic-bezier(.5,0,.5,1) 50ms,-webkit-transform 1s cubic-bezier(.5,0,.5,1) 50ms;transition:opacity 1s cubic-bezier(.5,0,.5,1) 50ms,transform 1s cubic-bezier(.5,0,.5,1) 50ms;transition:opacity 1s cubic-bezier(.5,0,.5,1) 50ms,transform 1s cubic-bezier(.5,0,.5,1) 50ms,-webkit-transform 1s cubic-bezier(.5,0,.5,1) 50ms}.u-bolt-transition-fade-in-slide-up[data-anim-trigger=hover]:hover,.u-bolt-transition-fade-in-slide-up[data-anim-triggered=yes]{opacity:1;-webkit-transform:translateY(0) translateZ(0);transform:translateY(0) translateZ(0)}bolt-interactive-step{display:block}bolt-interactive-step:not(:last-child){margin-bottom:1.65rem}.c-bolt-interactive-step{position:relative;padding-left:40px;text-align:left;cursor:pointer;font-weight:bolder;-webkit-transition:font-size .5s;transition:font-size .5s}@media (min-width:37.5em){.c-bolt-interactive-step{position:static}.c-bolt-interactive-step__body{position:absolute;top:0;right:0;width:calc(100% - 300px)}}.c-bolt-interactive-step__nav-item-wrapper{display:-webkit-box;display:flex;-webkit-box-align:center;align-items:center}.c-bolt-interactive-step__dot{display:inline-block;position:absolute;z-index:10;margin-left:-38px;color:#aab2f2;cursor:pointer;font-size:20px;-webkit-transition:color .5s,-webkit-transform .5s;transition:color .5s,-webkit-transform .5s;transition:color .5s,transform .5s;transition:color .5s,transform .5s,-webkit-transform .5s}.c-bolt-interactive-step__title{display:inline-block;cursor:pointer;-webkit-transition:color .5s,-webkit-transform .5s;transition:color .5s,-webkit-transform .5s;transition:color .5s,transform .5s;transition:color .5s,transform .5s,-webkit-transform .5s}.c-bolt-interactive-step__body{display:-webkit-box;display:flex;-webkit-box-orient:vertical;-webkit-box-direction:normal;flex-direction:column;-webkit-box-align:center;align-items:center;z-index:0;height:0;overflow:hidden}.c-bolt-interactive-step__body[data-active=true]{height:auto;overflow:visible}.c-bolt-interactive-step__step-body{opacity:0;-webkit-transform:translateY(20px) translateZ(0);transform:translateY(20px) translateZ(0);will-change:opacity;-webkit-transition:opacity 1s cubic-bezier(.5,0,.5,1) 1.2s,-webkit-transform 1s cubic-bezier(.5,0,.5,1) 1.2s;transition:opacity 1s cubic-bezier(.5,0,.5,1) 1.2s,-webkit-transform 1s cubic-bezier(.5,0,.5,1) 1.2s;transition:opacity 1s cubic-bezier(.5,0,.5,1) 1.2s,transform 1s cubic-bezier(.5,0,.5,1) 1.2s;transition:opacity 1s cubic-bezier(.5,0,.5,1) 1.2s,transform 1s cubic-bezier(.5,0,.5,1) 1.2s,-webkit-transform 1s cubic-bezier(.5,0,.5,1) 1.2s}.c-bolt-interactive-step--active .c-bolt-interactive-step__step-body{opacity:1;-webkit-transform:translateY(0) translateZ(0);transform:translateY(0) translateZ(0)}.c-bolt-interactive-step__interaction-images{display:-webkit-box;display:flex;-webkit-box-pack:center;justify-content:center;-webkit-box-align:center;align-items:center;position:relative;width:250px;margin-bottom:1.65rem}.c-bolt-interactive-step__interaction-band{display:-webkit-box;display:flex;-webkit-box-pack:center;justify-content:center;-webkit-box-align:center;align-items:center;height:80px;padding:0 20px;opacity:0;-webkit-transform:translateZ(0);transform:translateZ(0);will-change:opacity;-webkit-transition:opacity 1s cubic-bezier(.5,0,.5,1) .5s;transition:opacity 1s cubic-bezier(.5,0,.5,1) .5s}.c-bolt-interactive-step--active .c-bolt-interactive-step__interaction-band{opacity:1}.c-bolt-interactive-step__avatar{position:absolute;left:0;width:57px;height:57px}.c-bolt-interactive-step__avatar--right{right:0;left:unset}.c-bolt-interactive-step__dialogue{position:relative;z-index:0;width:100%;max-width:190px;height:75px}.c-bolt-interactive-step--active .c-bolt-interactive-step__step-dialogue,.c-bolt-interactive-step__step-dialogue{opacity:0;-webkit-transform:translateY(20px) translateZ(0);transform:translateY(20px) translateZ(0);will-change:opacity;-webkit-transition:opacity 1s cubic-bezier(.5,0,.5,1) 50ms,-webkit-transform 1s cubic-bezier(.5,0,.5,1) 50ms;transition:opacity 1s cubic-bezier(.5,0,.5,1) 50ms,-webkit-transform 1s cubic-bezier(.5,0,.5,1) 50ms;transition:opacity 1s cubic-bezier(.5,0,.5,1) 50ms,transform 1s cubic-bezier(.5,0,.5,1) 50ms;transition:opacity 1s cubic-bezier(.5,0,.5,1) 50ms,transform 1s cubic-bezier(.5,0,.5,1) 50ms,-webkit-transform 1s cubic-bezier(.5,0,.5,1) 50ms}.c-bolt-interactive-step--active .c-bolt-interactive-step__dot{-webkit-transform:scale(1.5);transform:scale(1.5);color:orange}.c-bolt-interactive-step--active .c-bolt-interactive-step__title{-webkit-transform:scale(1.1) translateX(4px);transform:scale(1.1) translateX(4px);color:orange}.c-bolt-interactive-step__speech{display:block;position:absolute;bottom:0;z-index:140;-webkit-transition:.2s ease-in-out;transition:.2s ease-in-out}.c-bolt-interactive-step__speech--left{-webkit-transform:translateX(-50%);transform:translateX(-50%)}.c-bolt-interactive-step__speech--right{-webkit-transform:translateX(50%);transform:translateX(50%)}.c-bolt-interactive-step__speech-bubble{padding:.206rem .5rem;box-shadow:0 1px 4px 1px rgba(6,10,36,.1),0 5px 10px 0 rgba(6,10,36,.08);-webkit-transition:opacity 1s cubic-bezier(.5,0,.5,1) 50ms;transition:opacity 1s cubic-bezier(.5,0,.5,1) 50ms;opacity:0;-webkit-transform:translateZ(0);transform:translateZ(0);will-change:opacity;display:block;position:relative;z-index:0;color:#151619;border:1px solid #e0e2eb;border-radius:3px;background-color:#fff}.c-bolt-interactive-step--active .c-bolt-interactive-step__speech-bubble{opacity:1}.c-bolt-interactive-step__speech-bubble:after,.c-bolt-interactive-step__speech-bubble:before{content:'';display:block;position:absolute;left:50%;-webkit-transform:translate(-50%,100%);transform:translate(-50%,100%);width:0;height:0;pointer-events:none;border-top:8px solid;border-right:8px solid transparent;border-bottom:8px solid transparent;border-left:8px solid transparent}.c-bolt-interactive-step__speech-bubble:before{top:auto;bottom:0;border-top-color:#e0e2eb;border-bottom-color:transparent}.c-bolt-interactive-step__speech-bubble:after{top:auto;bottom:1px;border-top-color:#fff;border-bottom-color:transparent}bolt-text[slot=dialogue]{color:#000}
          
</style>
`;

exports[`interactive step Default <bolt-interactive-step> with Shadow DOM renders 3`] = `
<bolt-interactive-step
  style=""
>
  interactive-step Component Test -- Outer HTML
</bolt-interactive-step>
`;

exports[`interactive step basic interactive-step component renders 1`] = `
<bolt-interactive-step>
  <div class="c-bolt-interactive-step"
       is="shadow-root"
  >
  </div>
</bolt-interactive-step>
`;

exports[`interactive step basic interactive-step component with the global \`no-shadow\` prop added 1`] = `
<bolt-interactive-step no-shadow>
  <div class="c-bolt-interactive-step"
       is="shadow-root"
  >
  </div>
</bolt-interactive-step>
`;

exports[`interactive step interactive-step with outer CSS class via Drupal Attributes 1`] = `
<bolt-interactive-step class="u-bolt-margin-top-medium">
  <div class="c-bolt-interactive-step"
       is="shadow-root"
  >
  </div>
</bolt-interactive-step>
`;
