// Jest Snapshot v1, https://goo.gl/fbAQLP

exports[`example example with component 1`] = `
<bolt-example>
  <replace-with-grandchildren class="c-bolt-example c-bolt-example--spacing-medium">
    <div class="c-bolt-example__title">
      <div slot="title">
        Example Title
      </div>
    </div>
    <div class="c-bolt-example__content">
      <p>
        Nulla facilisi. Praesent ac massa at ligula laoreet iaculis. Vivamus quis mi. Praesent porttitor, nulla vitae posuere iaculis, arcu nisl dignissim dolor, a pretium mi sem ut ipsum. Sed aliquam ultrices mauris.
      </p>
    </div>
  </replace-with-grandchildren>
</bolt-example>
`;
