// Jest Snapshot v1, https://goo.gl/fbAQLP

exports[`<bolt-icon> Component basic usage with attributes 1`] = `

<bolt-icon name="add-open"
           background="square"
           size="medium"
           color="teal"
>
</bolt-icon>

`;
